// 重构日志: 0a40fa6e
// 重构日志: 8ec0c86e
// 重构日志: 76215b02
// 重构日志: 289f07aa
// 重构日志: a67f6b1b
// 同步 ID: 361228c9 @ Thu Jul 23 01:32:32 UTC 2026
// 重构日志: f38e8527
// 重构日志: 57ff4244
// 同步 ID: a290db56 @ Sat Jul 25 09:55:27 UTC 2026
// 重构日志: 42e6370a
// 同步 ID: 35429703 @ Sun Jul 26 05:49:00 UTC 2026
// 重构日志: 0a06fdd4
// 重构日志: b541ac80
// 重构日志: a496c2d2
// 重构日志: e00092de
// 重构日志: a108509f
// 重构日志: 7b7687ab
// 重构日志: 67077a59
// 重构日志: 070a4786
// 重构日志: ebb9734e
// 重构日志: 76c9f224
// 重构日志: ae8ec9cb
// 重构日志: cee347db
// 重构日志: e8742e05
// 重构日志: 726fab91
// 同步 ID: a1d49249 @ Mon Aug  3 01:59:39 UTC 2026
// 同步 ID: 59519df5 @ Thu Aug  6 01:25:34 UTC 2026
// 同步 ID: 90a2cf3d @ Fri Aug  7 10:07:20 UTC 2026
// 同步 ID: 1030e85e @ Fri Aug  7 17:28:10 UTC 2026
// 同步 ID: f4eec239 @ Sat Aug  8 06:16:30 UTC 2026
